time=2026-09-22T17:54:53.292Z level=WARN msg="the Realtime endpoint has no bearer token" listen=127.0.0.1:9290 token_env=OPENREALTIME_TOKEN detail="anything that can reach this address can open a session, including a tunnel or proxy placed in front of it"
OpenRealtime duplex listening on http://127.0.0.1:9290/v1/realtime
  health   http://127.0.0.1:9290/healthz
  server profile sha256:39de8137382b34fbf2a6b0645e9ff4c3235815dd8ba3ea47c9f55f5a30bcf8e1
sidecar: voicechat hello: rate=24000 tools=[] instructions=''
sidecar: voicechat upstream session openrealtime-f8bbb5e797814f1999548fbf3c2b67ec created; capabilities={"adapter_patterns": ["scheduler_data_plane"], "chunk_period_ms": 80, "implementation_level": "model_native_duplex", "input_modes": ["append_audio_chunk"], "requires_model_runner_kv": true, "requires_native_stage_role": true, "session_admission_mode": "engine_managed", "signal_sources": ["model_native", "client_event"], "stage_handoff_transport": "scheduler_data_plane", "supports_audio_truncate": false, "supports_barge_in": false, "supports_client_commit": true, "supports_core_kv_lease": false, "supports_core_resumable_request": true, "supports_external_turn_signal": false, "supports_independent_io_streams": true, "supports_input_append": true, "supports_kv_lease": false, "supports_model_internal_state": true, "supports_model_native_turn_policy": true, "supports_multi_session": false, "supports_multi_session_same_replica": false, "supports_playback_ack": true, "supports_realtime_endpoint": true, "supports_reencode_context": false, "supports_replace_latest_chunk": false, "supports_rollback_to_checkpoint": false, "supports_scheduler_native_append": false, "supports_session_adapter": true, "supports_session_lease": true, "supports_session_resume": true, "supports_stage_connector_handoff": true, "supports_stage_resumption": true, "supports_turn_commit_only": false, "target_barge_in_latency_ms": null}
time=2026-09-22T17:54:56.478Z level=INFO msg="session started" session=sess_000000000001 binding=duplex model=openrealtime
sidecar: voicechat adapter output boundary: 800 ms decoded silence; not model EOS
sidecar: voicechat adapter output boundary: 800 ms decoded silence; not model EOS
sidecar: voicechat session closed: real_frames=197 fill_frames=41 audio_end_ms=19040
time=2026-09-22T17:55:14.209Z level=INFO msg="session completed" session=sess_000000000001 duration=19.264403916s
sidecar: voicechat hello: rate=24000 tools=[] instructions=''
sidecar: voicechat upstream session openrealtime-21dc71e255a84e1a9e2838d44d68b1d4 created; capabilities={"adapter_patterns": ["scheduler_data_plane"], "chunk_period_ms": 80, "implementation_level": "model_native_duplex", "input_modes": ["append_audio_chunk"], "requires_model_runner_kv": true, "requires_native_stage_role": true, "session_admission_mode": "engine_managed", "signal_sources": ["model_native", "client_event"], "stage_handoff_transport": "scheduler_data_plane", "supports_audio_truncate": false, "supports_barge_in": false, "supports_client_commit": true, "supports_core_kv_lease": false, "supports_core_resumable_request": true, "supports_external_turn_signal": false, "supports_independent_io_streams": true, "supports_input_append": true, "supports_kv_lease": false, "supports_model_internal_state": true, "supports_model_native_turn_policy": true, "supports_multi_session": false, "supports_multi_session_same_replica": false, "supports_playback_ack": true, "supports_realtime_endpoint": true, "supports_reencode_context": false, "supports_replace_latest_chunk": false, "supports_rollback_to_checkpoint": false, "supports_scheduler_native_append": false, "supports_session_adapter": true, "supports_session_lease": true, "supports_session_resume": true, "supports_stage_connector_handoff": true, "supports_stage_resumption": true, "supports_turn_commit_only": false, "target_barge_in_latency_ms": null}
time=2026-09-22T17:55:15.449Z level=INFO msg="session started" session=sess_000000000002 binding=duplex model=openrealtime
sidecar: voicechat adapter output boundary: 800 ms decoded silence; not model EOS
sidecar: voicechat adapter output boundary: 800 ms decoded silence; not model EOS
sidecar: voicechat session closed: real_frames=179 fill_frames=36 audio_end_ms=17200
time=2026-09-22T17:55:31.615Z level=INFO msg="session completed" session=sess_000000000002 duration=17.434351175s
sidecar: voicechat hello: rate=24000 tools=[] instructions=''
sidecar: voicechat upstream session openrealtime-b12db907d4a34d8cb99a95188edc2a9f created; capabilities={"adapter_patterns": ["scheduler_data_plane"], "chunk_period_ms": 80, "implementation_level": "model_native_duplex", "input_modes": ["append_audio_chunk"], "requires_model_runner_kv": true, "requires_native_stage_role": true, "session_admission_mode": "engine_managed", "signal_sources": ["model_native", "client_event"], "stage_handoff_transport": "scheduler_data_plane", "supports_audio_truncate": false, "supports_barge_in": false, "supports_client_commit": true, "supports_core_kv_lease": false, "supports_core_resumable_request": true, "supports_external_turn_signal": false, "supports_independent_io_streams": true, "supports_input_append": true, "supports_kv_lease": false, "supports_model_internal_state": true, "supports_model_native_turn_policy": true, "supports_multi_session": false, "supports_multi_session_same_replica": false, "supports_playback_ack": true, "supports_realtime_endpoint": true, "supports_reencode_context": false, "supports_replace_latest_chunk": false, "supports_rollback_to_checkpoint": false, "supports_scheduler_native_append": false, "supports_session_adapter": true, "supports_session_lease": true, "supports_session_resume": true, "supports_stage_connector_handoff": true, "supports_stage_resumption": true, "supports_turn_commit_only": false, "target_barge_in_latency_ms": null}
time=2026-09-22T17:55:34.018Z level=INFO msg="session started" session=sess_000000000003 binding=duplex model=openrealtime
sidecar: voicechat adapter output boundary: 800 ms decoded silence; not model EOS
sidecar: voicechat adapter output boundary: 800 ms decoded silence; not model EOS
sidecar: voicechat adapter output boundary: 800 ms decoded silence; not model EOS
sidecar: voicechat adapter output boundary: 800 ms decoded silence; not model EOS
sidecar: voicechat session closed: real_frames=168 fill_frames=205 audio_end_ms=29840
time=2026-09-22T17:56:02.294Z level=INFO msg="session completed" session=sess_000000000003 duration=30.031792607s
sidecar: voicechat hello: rate=24000 tools=[] instructions=''
sidecar: voicechat upstream session openrealtime-996943066f5e476f98cbcb4a14a18f0f created; capabilities={"adapter_patterns": ["scheduler_data_plane"], "chunk_period_ms": 80, "implementation_level": "model_native_duplex", "input_modes": ["append_audio_chunk"], "requires_model_runner_kv": true, "requires_native_stage_role": true, "session_admission_mode": "engine_managed", "signal_sources": ["model_native", "client_event"], "stage_handoff_transport": "scheduler_data_plane", "supports_audio_truncate": false, "supports_barge_in": false, "supports_client_commit": true, "supports_core_kv_lease": false, "supports_core_resumable_request": true, "supports_external_turn_signal": false, "supports_independent_io_streams": true, "supports_input_append": true, "supports_kv_lease": false, "supports_model_internal_state": true, "supports_model_native_turn_policy": true, "supports_multi_session": false, "supports_multi_session_same_replica": false, "supports_playback_ack": true, "supports_realtime_endpoint": true, "supports_reencode_context": false, "supports_replace_latest_chunk": false, "supports_rollback_to_checkpoint": false, "supports_scheduler_native_append": false, "supports_session_adapter": true, "supports_session_lease": true, "supports_session_resume": true, "supports_stage_connector_handoff": true, "supports_stage_resumption": true, "supports_turn_commit_only": false, "target_barge_in_latency_ms": null}
time=2026-09-22T17:56:03.499Z level=INFO msg="session started" session=sess_000000000004 binding=duplex model=openrealtime
sidecar: voicechat adapter output boundary: 800 ms decoded silence; not model EOS
sidecar: voicechat adapter output boundary: 800 ms decoded silence; not model EOS
sidecar: voicechat session closed: real_frames=162 fill_frames=36 audio_end_ms=15840
time=2026-09-22T17:56:18.326Z level=INFO msg="session completed" session=sess_000000000004 duration=16.043928704s
sidecar: voicechat hello: rate=24000 tools=[] instructions=''
sidecar: voicechat upstream session openrealtime-4c3655b27acf43f0bf0e1337daa7e66c created; capabilities={"adapter_patterns": ["scheduler_data_plane"], "chunk_period_ms": 80, "implementation_level": "model_native_duplex", "input_modes": ["append_audio_chunk"], "requires_model_runner_kv": true, "requires_native_stage_role": true, "session_admission_mode": "engine_managed", "signal_sources": ["model_native", "client_event"], "stage_handoff_transport": "scheduler_data_plane", "supports_audio_truncate": false, "supports_barge_in": false, "supports_client_commit": true, "supports_core_kv_lease": false, "supports_core_resumable_request": true, "supports_external_turn_signal": false, "supports_independent_io_streams": true, "supports_input_append": true, "supports_kv_lease": false, "supports_model_internal_state": true, "supports_model_native_turn_policy": true, "supports_multi_session": false, "supports_multi_session_same_replica": false, "supports_playback_ack": true, "supports_realtime_endpoint": true, "supports_reencode_context": false, "supports_replace_latest_chunk": false, "supports_rollback_to_checkpoint": false, "supports_scheduler_native_append": false, "supports_session_adapter": true, "supports_session_lease": true, "supports_session_resume": true, "supports_stage_connector_handoff": true, "supports_stage_resumption": true, "supports_turn_commit_only": false, "target_barge_in_latency_ms": null}
time=2026-09-22T17:56:20.633Z level=INFO msg="session started" session=sess_000000000005 binding=duplex model=openrealtime
sidecar: voicechat adapter output boundary: 800 ms decoded silence; not model EOS
sidecar: voicechat adapter output boundary: 800 ms decoded silence; not model EOS
sidecar: voicechat session closed: real_frames=166 fill_frames=57 audio_end_ms=17840
time=2026-09-22T17:56:37.138Z level=INFO msg="session completed" session=sess_000000000005 duration=18.041292474s
sidecar: voicechat hello: rate=24000 tools=[] instructions=''
sidecar: voicechat upstream session openrealtime-08ef116b4a5f4955b90ee5844d5fd0e5 created; capabilities={"adapter_patterns": ["scheduler_data_plane"], "chunk_period_ms": 80, "implementation_level": "model_native_duplex", "input_modes": ["append_audio_chunk"], "requires_model_runner_kv": true, "requires_native_stage_role": true, "session_admission_mode": "engine_managed", "signal_sources": ["model_native", "client_event"], "stage_handoff_transport": "scheduler_data_plane", "supports_audio_truncate": false, "supports_barge_in": false, "supports_client_commit": true, "supports_core_kv_lease": false, "supports_core_resumable_request": true, "supports_external_turn_signal": false, "supports_independent_io_streams": true, "supports_input_append": true, "supports_kv_lease": false, "supports_model_internal_state": true, "supports_model_native_turn_policy": true, "supports_multi_session": false, "supports_multi_session_same_replica": false, "supports_playback_ack": true, "supports_realtime_endpoint": true, "supports_reencode_context": false, "supports_replace_latest_chunk": false, "supports_rollback_to_checkpoint": false, "supports_scheduler_native_append": false, "supports_session_adapter": true, "supports_session_lease": true, "supports_session_resume": true, "supports_stage_connector_handoff": true, "supports_stage_resumption": true, "supports_turn_commit_only": false, "target_barge_in_latency_ms": null}
time=2026-09-22T17:56:38.203Z level=INFO msg="session started" session=sess_000000000006 binding=duplex model=openrealtime
sidecar: voicechat adapter output boundary: 800 ms decoded silence; not model EOS
sidecar: voicechat adapter output boundary: 800 ms decoded silence; not model EOS
sidecar: voicechat session closed: real_frames=172 fill_frames=39 audio_end_ms=16880
time=2026-09-22T17:56:54.175Z level=INFO msg="session completed" session=sess_000000000006 duration=17.050783542s
sidecar: voicechat hello: rate=24000 tools=[] instructions=''
sidecar: voicechat upstream session openrealtime-9585e87ad5dc406baa948e20b809e1d6 created; capabilities={"adapter_patterns": ["scheduler_data_plane"], "chunk_period_ms": 80, "implementation_level": "model_native_duplex", "input_modes": ["append_audio_chunk"], "requires_model_runner_kv": true, "requires_native_stage_role": true, "session_admission_mode": "engine_managed", "signal_sources": ["model_native", "client_event"], "stage_handoff_transport": "scheduler_data_plane", "supports_audio_truncate": false, "supports_barge_in": false, "supports_client_commit": true, "supports_core_kv_lease": false, "supports_core_resumable_request": true, "supports_external_turn_signal": false, "supports_independent_io_streams": true, "supports_input_append": true, "supports_kv_lease": false, "supports_model_internal_state": true, "supports_model_native_turn_policy": true, "supports_multi_session": false, "supports_multi_session_same_replica": false, "supports_playback_ack": true, "supports_realtime_endpoint": true, "supports_reencode_context": false, "supports_replace_latest_chunk": false, "supports_rollback_to_checkpoint": false, "supports_scheduler_native_append": false, "supports_session_adapter": true, "supports_session_lease": true, "supports_session_resume": true, "supports_stage_connector_handoff": true, "supports_stage_resumption": true, "supports_turn_commit_only": false, "target_barge_in_latency_ms": null}
time=2026-09-22T17:56:56.144Z level=INFO msg="session started" session=sess_000000000007 binding=duplex model=openrealtime
sidecar: voicechat adapter output boundary: 800 ms decoded silence; not model EOS
sidecar: voicechat adapter output boundary: 800 ms decoded silence; not model EOS
sidecar: voicechat adapter output boundary: 800 ms decoded silence; not model EOS
sidecar: voicechat adapter output boundary: 800 ms decoded silence; not model EOS
sidecar: voicechat session closed: real_frames=171 fill_frames=150 audio_end_ms=25680
time=2026-09-22T17:57:20.854Z level=INFO msg="session completed" session=sess_000000000007 duration=25.875722139s
sidecar: voicechat hello: rate=24000 tools=[] instructions=''
sidecar: voicechat upstream session openrealtime-ceafb1f87b254da48038520e1465dbf8 created; capabilities={"adapter_patterns": ["scheduler_data_plane"], "chunk_period_ms": 80, "implementation_level": "model_native_duplex", "input_modes": ["append_audio_chunk"], "requires_model_runner_kv": true, "requires_native_stage_role": true, "session_admission_mode": "engine_managed", "signal_sources": ["model_native", "client_event"], "stage_handoff_transport": "scheduler_data_plane", "supports_audio_truncate": false, "supports_barge_in": false, "supports_client_commit": true, "supports_core_kv_lease": false, "supports_core_resumable_request": true, "supports_external_turn_signal": false, "supports_independent_io_streams": true, "supports_input_append": true, "supports_kv_lease": false, "supports_model_internal_state": true, "supports_model_native_turn_policy": true, "supports_multi_session": false, "supports_multi_session_same_replica": false, "supports_playback_ack": true, "supports_realtime_endpoint": true, "supports_reencode_context": false, "supports_replace_latest_chunk": false, "supports_rollback_to_checkpoint": false, "supports_scheduler_native_append": false, "supports_session_adapter": true, "supports_session_lease": true, "supports_session_resume": true, "supports_stage_connector_handoff": true, "supports_stage_resumption": true, "supports_turn_commit_only": false, "target_barge_in_latency_ms": null}
time=2026-09-22T17:57:22.353Z level=INFO msg="session started" session=sess_000000000008 binding=duplex model=openrealtime
sidecar: voicechat adapter output boundary: 800 ms decoded silence; not model EOS
sidecar: voicechat adapter output boundary: 800 ms decoded silence; not model EOS
sidecar: voicechat adapter output boundary: 800 ms decoded silence; not model EOS
sidecar: voicechat adapter output boundary: 800 ms decoded silence; not model EOS
sidecar: voicechat session closed: real_frames=180 fill_frames=109 audio_end_ms=23120
time=2026-09-22T17:57:44.059Z level=INFO msg="session completed" session=sess_000000000008 duration=23.241979032s
sidecar: voicechat hello: rate=24000 tools=[] instructions=''
sidecar: voicechat upstream session openrealtime-4f10d45f7a234631a8e1f969f1abc9e0 created; capabilities={"adapter_patterns": ["scheduler_data_plane"], "chunk_period_ms": 80, "implementation_level": "model_native_duplex", "input_modes": ["append_audio_chunk"], "requires_model_runner_kv": true, "requires_native_stage_role": true, "session_admission_mode": "engine_managed", "signal_sources": ["model_native", "client_event"], "stage_handoff_transport": "scheduler_data_plane", "supports_audio_truncate": false, "supports_barge_in": false, "supports_client_commit": true, "supports_core_kv_lease": false, "supports_core_resumable_request": true, "supports_external_turn_signal": false, "supports_independent_io_streams": true, "supports_input_append": true, "supports_kv_lease": false, "supports_model_internal_state": true, "supports_model_native_turn_policy": true, "supports_multi_session": false, "supports_multi_session_same_replica": false, "supports_playback_ack": true, "supports_realtime_endpoint": true, "supports_reencode_context": false, "supports_replace_latest_chunk": false, "supports_rollback_to_checkpoint": false, "supports_scheduler_native_append": false, "supports_session_adapter": true, "supports_session_lease": true, "supports_session_resume": true, "supports_stage_connector_handoff": true, "supports_stage_resumption": true, "supports_turn_commit_only": false, "target_barge_in_latency_ms": null}
time=2026-09-22T17:57:45.634Z level=INFO msg="session started" session=sess_000000000009 binding=duplex model=openrealtime
sidecar: voicechat adapter output boundary: 800 ms decoded silence; not model EOS
sidecar: voicechat adapter output boundary: 800 ms decoded silence; not model EOS
sidecar: voicechat adapter output boundary: 800 ms decoded silence; not model EOS
sidecar: voicechat adapter output boundary: 800 ms decoded silence; not model EOS
sidecar: voicechat adapter output boundary: 800 ms decoded silence; not model EOS
sidecar: voicechat adapter output boundary: 800 ms decoded silence; not model EOS
sidecar: voicechat adapter output boundary: 800 ms decoded silence; not model EOS
sidecar: voicechat session closed: real_frames=456 fill_frames=162 audio_end_ms=49440
time=2026-09-22T17:58:33.829Z level=INFO msg="session completed" session=sess_000000000009 duration=49.670543209s
sidecar: voicechat hello: rate=24000 tools=[] instructions=''
sidecar: voicechat upstream session openrealtime-6c3c49630ff145b2acb008ff2db7463a created; capabilities={"adapter_patterns": ["scheduler_data_plane"], "chunk_period_ms": 80, "implementation_level": "model_native_duplex", "input_modes": ["append_audio_chunk"], "requires_model_runner_kv": true, "requires_native_stage_role": true, "session_admission_mode": "engine_managed", "signal_sources": ["model_native", "client_event"], "stage_handoff_transport": "scheduler_data_plane", "supports_audio_truncate": false, "supports_barge_in": false, "supports_client_commit": true, "supports_core_kv_lease": false, "supports_core_resumable_request": true, "supports_external_turn_signal": false, "supports_independent_io_streams": true, "supports_input_append": true, "supports_kv_lease": false, "supports_model_internal_state": true, "supports_model_native_turn_policy": true, "supports_multi_session": false, "supports_multi_session_same_replica": false, "supports_playback_ack": true, "supports_realtime_endpoint": true, "supports_reencode_context": false, "supports_replace_latest_chunk": false, "supports_rollback_to_checkpoint": false, "supports_scheduler_native_append": false, "supports_session_adapter": true, "supports_session_lease": true, "supports_session_resume": true, "supports_stage_connector_handoff": true, "supports_stage_resumption": true, "supports_turn_commit_only": false, "target_barge_in_latency_ms": null}
time=2026-09-22T17:58:35.646Z level=INFO msg="session started" session=sess_000000000010 binding=duplex model=openrealtime
sidecar: voicechat adapter output boundary: 800 ms decoded silence; not model EOS
sidecar: voicechat adapter output boundary: 800 ms decoded silence; not model EOS
sidecar: voicechat adapter output boundary: 800 ms decoded silence; not model EOS
sidecar: voicechat adapter output boundary: 800 ms decoded silence; not model EOS
sidecar: voicechat session closed: real_frames=434 fill_frames=89 audio_end_ms=41840
time=2026-09-22T17:59:15.837Z level=INFO msg="session completed" session=sess_000000000010 duration=42.05752107s
