time=2026-09-22T17:50:22.751Z level=WARN msg="the Realtime endpoint has no bearer token" listen=127.0.0.1:9290 token_env=OPENREALTIME_TOKEN detail="anything that can reach this address can open a session, including a tunnel or proxy placed in front of it"
OpenRealtime duplex listening on http://127.0.0.1:9290/v1/realtime
  health   http://127.0.0.1:9290/healthz
  server profile sha256:39de8137382b34fbf2a6b0645e9ff4c3235815dd8ba3ea47c9f55f5a30bcf8e1
sidecar: voicechat hello: rate=24000 tools=[] instructions=''
sidecar: voicechat upstream session openrealtime-f2d9ae210050427fb0c4eab6af0c0b41 created; capabilities={"adapter_patterns": ["scheduler_data_plane"], "chunk_period_ms": 80, "implementation_level": "model_native_duplex", "input_modes": ["append_audio_chunk"], "requires_model_runner_kv": true, "requires_native_stage_role": true, "session_admission_mode": "engine_managed", "signal_sources": ["model_native", "client_event"], "stage_handoff_transport": "scheduler_data_plane", "supports_audio_truncate": false, "supports_barge_in": false, "supports_client_commit": true, "supports_core_kv_lease": false, "supports_core_resumable_request": true, "supports_external_turn_signal": false, "supports_independent_io_streams": true, "supports_input_append": true, "supports_kv_lease": false, "supports_model_internal_state": true, "supports_model_native_turn_policy": true, "supports_multi_session": false, "supports_multi_session_same_replica": false, "supports_playback_ack": true, "supports_realtime_endpoint": true, "supports_reencode_context": false, "supports_replace_latest_chunk": false, "supports_rollback_to_checkpoint": false, "supports_scheduler_native_append": false, "supports_session_adapter": true, "supports_session_lease": true, "supports_session_resume": true, "supports_stage_connector_handoff": true, "supports_stage_resumption": true, "supports_turn_commit_only": false, "target_barge_in_latency_ms": null}
time=2026-09-22T17:50:25.848Z level=INFO msg="session started" session=sess_000000000001 binding=duplex model=openrealtime
sidecar: voicechat adapter output boundary: 800 ms decoded silence; not model EOS
sidecar: voicechat adapter output boundary: 800 ms decoded silence; not model EOS
sidecar: voicechat session closed: real_frames=197 fill_frames=124 audio_end_ms=25680
time=2026-09-22T17:50:50.565Z level=INFO msg="session completed" session=sess_000000000001 duration=25.831670674s
sidecar: voicechat hello: rate=24000 tools=[] instructions=''
sidecar: voicechat upstream session openrealtime-256335d1602240f9953532deb2ecffbb created; capabilities={"adapter_patterns": ["scheduler_data_plane"], "chunk_period_ms": 80, "implementation_level": "model_native_duplex", "input_modes": ["append_audio_chunk"], "requires_model_runner_kv": true, "requires_native_stage_role": true, "session_admission_mode": "engine_managed", "signal_sources": ["model_native", "client_event"], "stage_handoff_transport": "scheduler_data_plane", "supports_audio_truncate": false, "supports_barge_in": false, "supports_client_commit": true, "supports_core_kv_lease": false, "supports_core_resumable_request": true, "supports_external_turn_signal": false, "supports_independent_io_streams": true, "supports_input_append": true, "supports_kv_lease": false, "supports_model_internal_state": true, "supports_model_native_turn_policy": true, "supports_multi_session": false, "supports_multi_session_same_replica": false, "supports_playback_ack": true, "supports_realtime_endpoint": true, "supports_reencode_context": false, "supports_replace_latest_chunk": false, "supports_rollback_to_checkpoint": false, "supports_scheduler_native_append": false, "supports_session_adapter": true, "supports_session_lease": true, "supports_session_resume": true, "supports_stage_connector_handoff": true, "supports_stage_resumption": true, "supports_turn_commit_only": false, "target_barge_in_latency_ms": null}
time=2026-09-22T17:50:51.768Z level=INFO msg="session started" session=sess_000000000002 binding=duplex model=openrealtime
sidecar: voicechat adapter output boundary: 800 ms decoded silence; not model EOS
sidecar: voicechat session closed: real_frames=179 fill_frames=36 audio_end_ms=17200
time=2026-09-22T17:51:08.000Z level=INFO msg="session completed" session=sess_000000000002 duration=17.446830866s
sidecar: voicechat hello: rate=24000 tools=[] instructions=''
sidecar: voicechat upstream session openrealtime-506141b1d915462d83dff0d83f134668 created; capabilities={"adapter_patterns": ["scheduler_data_plane"], "chunk_period_ms": 80, "implementation_level": "model_native_duplex", "input_modes": ["append_audio_chunk"], "requires_model_runner_kv": true, "requires_native_stage_role": true, "session_admission_mode": "engine_managed", "signal_sources": ["model_native", "client_event"], "stage_handoff_transport": "scheduler_data_plane", "supports_audio_truncate": false, "supports_barge_in": false, "supports_client_commit": true, "supports_core_kv_lease": false, "supports_core_resumable_request": true, "supports_external_turn_signal": false, "supports_independent_io_streams": true, "supports_input_append": true, "supports_kv_lease": false, "supports_model_internal_state": true, "supports_model_native_turn_policy": true, "supports_multi_session": false, "supports_multi_session_same_replica": false, "supports_playback_ack": true, "supports_realtime_endpoint": true, "supports_reencode_context": false, "supports_replace_latest_chunk": false, "supports_rollback_to_checkpoint": false, "supports_scheduler_native_append": false, "supports_session_adapter": true, "supports_session_lease": true, "supports_session_resume": true, "supports_stage_connector_handoff": true, "supports_stage_resumption": true, "supports_turn_commit_only": false, "target_barge_in_latency_ms": null}
time=2026-09-22T17:51:10.211Z level=INFO msg="session started" session=sess_000000000003 binding=duplex model=openrealtime
sidecar: voicechat adapter output boundary: 800 ms decoded silence; not model EOS
sidecar: voicechat adapter output boundary: 800 ms decoded silence; not model EOS
sidecar: voicechat adapter output boundary: 800 ms decoded silence; not model EOS
sidecar: voicechat session closed: real_frames=168 fill_frames=150 audio_end_ms=25440
time=2026-09-22T17:51:34.437Z level=INFO msg="session completed" session=sess_000000000003 duration=25.644059668s
sidecar: voicechat hello: rate=24000 tools=[] instructions=''
sidecar: voicechat upstream session openrealtime-2a2b0b07fa7e471faa4a8ae981353200 created; capabilities={"adapter_patterns": ["scheduler_data_plane"], "chunk_period_ms": 80, "implementation_level": "model_native_duplex", "input_modes": ["append_audio_chunk"], "requires_model_runner_kv": true, "requires_native_stage_role": true, "session_admission_mode": "engine_managed", "signal_sources": ["model_native", "client_event"], "stage_handoff_transport": "scheduler_data_plane", "supports_audio_truncate": false, "supports_barge_in": false, "supports_client_commit": true, "supports_core_kv_lease": false, "supports_core_resumable_request": true, "supports_external_turn_signal": false, "supports_independent_io_streams": true, "supports_input_append": true, "supports_kv_lease": false, "supports_model_internal_state": true, "supports_model_native_turn_policy": true, "supports_multi_session": false, "supports_multi_session_same_replica": false, "supports_playback_ack": true, "supports_realtime_endpoint": true, "supports_reencode_context": false, "supports_replace_latest_chunk": false, "supports_rollback_to_checkpoint": false, "supports_scheduler_native_append": false, "supports_session_adapter": true, "supports_session_lease": true, "supports_session_resume": true, "supports_stage_connector_handoff": true, "supports_stage_resumption": true, "supports_turn_commit_only": false, "target_barge_in_latency_ms": null}
time=2026-09-22T17:51:35.849Z level=INFO msg="session started" session=sess_000000000004 binding=duplex model=openrealtime
sidecar: voicechat adapter output boundary: 800 ms decoded silence; not model EOS
sidecar: voicechat session closed: real_frames=162 fill_frames=79 audio_end_ms=19280
time=2026-09-22T17:51:53.860Z level=INFO msg="session completed" session=sess_000000000004 duration=19.445987972s
sidecar: voicechat hello: rate=24000 tools=[] instructions=''
sidecar: voicechat upstream session openrealtime-4da4a1941daf4d12a19821863df39b0b created; capabilities={"adapter_patterns": ["scheduler_data_plane"], "chunk_period_ms": 80, "implementation_level": "model_native_duplex", "input_modes": ["append_audio_chunk"], "requires_model_runner_kv": true, "requires_native_stage_role": true, "session_admission_mode": "engine_managed", "signal_sources": ["model_native", "client_event"], "stage_handoff_transport": "scheduler_data_plane", "supports_audio_truncate": false, "supports_barge_in": false, "supports_client_commit": true, "supports_core_kv_lease": false, "supports_core_resumable_request": true, "supports_external_turn_signal": false, "supports_independent_io_streams": true, "supports_input_append": true, "supports_kv_lease": false, "supports_model_internal_state": true, "supports_model_native_turn_policy": true, "supports_multi_session": false, "supports_multi_session_same_replica": false, "supports_playback_ack": true, "supports_realtime_endpoint": true, "supports_reencode_context": false, "supports_replace_latest_chunk": false, "supports_rollback_to_checkpoint": false, "supports_scheduler_native_append": false, "supports_session_adapter": true, "supports_session_lease": true, "supports_session_resume": true, "supports_stage_connector_handoff": true, "supports_stage_resumption": true, "supports_turn_commit_only": false, "target_barge_in_latency_ms": null}
time=2026-09-22T17:51:55.932Z level=INFO msg="session started" session=sess_000000000005 binding=duplex model=openrealtime
sidecar: voicechat adapter output boundary: 800 ms decoded silence; not model EOS
sidecar: voicechat adapter output boundary: 800 ms decoded silence; not model EOS
sidecar: voicechat session closed: real_frames=166 fill_frames=38 audio_end_ms=16320
time=2026-09-22T17:52:11.166Z level=INFO msg="session completed" session=sess_000000000005 duration=16.468790926s
sidecar: voicechat hello: rate=24000 tools=[] instructions=''
sidecar: voicechat upstream session openrealtime-8e60a9a0ae2f47aba6e4ef89f45dcdf8 created; capabilities={"adapter_patterns": ["scheduler_data_plane"], "chunk_period_ms": 80, "implementation_level": "model_native_duplex", "input_modes": ["append_audio_chunk"], "requires_model_runner_kv": true, "requires_native_stage_role": true, "session_admission_mode": "engine_managed", "signal_sources": ["model_native", "client_event"], "stage_handoff_transport": "scheduler_data_plane", "supports_audio_truncate": false, "supports_barge_in": false, "supports_client_commit": true, "supports_core_kv_lease": false, "supports_core_resumable_request": true, "supports_external_turn_signal": false, "supports_independent_io_streams": true, "supports_input_append": true, "supports_kv_lease": false, "supports_model_internal_state": true, "supports_model_native_turn_policy": true, "supports_multi_session": false, "supports_multi_session_same_replica": false, "supports_playback_ack": true, "supports_realtime_endpoint": true, "supports_reencode_context": false, "supports_replace_latest_chunk": false, "supports_rollback_to_checkpoint": false, "supports_scheduler_native_append": false, "supports_session_adapter": true, "supports_session_lease": true, "supports_session_resume": true, "supports_stage_connector_handoff": true, "supports_stage_resumption": true, "supports_turn_commit_only": false, "target_barge_in_latency_ms": null}
time=2026-09-22T17:52:12.922Z level=INFO msg="session started" session=sess_000000000006 binding=duplex model=openrealtime
sidecar: voicechat adapter output boundary: 800 ms decoded silence; not model EOS
sidecar: voicechat adapter output boundary: 800 ms decoded silence; not model EOS
sidecar: voicechat adapter output boundary: 800 ms decoded silence; not model EOS
sidecar: voicechat adapter output boundary: 800 ms decoded silence; not model EOS
sidecar: voicechat session closed: real_frames=172 fill_frames=49 audio_end_ms=17680
time=2026-09-22T17:52:28.977Z level=INFO msg="session completed" session=sess_000000000006 duration=17.832823016s
sidecar: voicechat hello: rate=24000 tools=[] instructions=''
sidecar: voicechat upstream session openrealtime-80ab4e78289e484d8dc1f6519da6bc65 created; capabilities={"adapter_patterns": ["scheduler_data_plane"], "chunk_period_ms": 80, "implementation_level": "model_native_duplex", "input_modes": ["append_audio_chunk"], "requires_model_runner_kv": true, "requires_native_stage_role": true, "session_admission_mode": "engine_managed", "signal_sources": ["model_native", "client_event"], "stage_handoff_transport": "scheduler_data_plane", "supports_audio_truncate": false, "supports_barge_in": false, "supports_client_commit": true, "supports_core_kv_lease": false, "supports_core_resumable_request": true, "supports_external_turn_signal": false, "supports_independent_io_streams": true, "supports_input_append": true, "supports_kv_lease": false, "supports_model_internal_state": true, "supports_model_native_turn_policy": true, "supports_multi_session": false, "supports_multi_session_same_replica": false, "supports_playback_ack": true, "supports_realtime_endpoint": true, "supports_reencode_context": false, "supports_replace_latest_chunk": false, "supports_rollback_to_checkpoint": false, "supports_scheduler_native_append": false, "supports_session_adapter": true, "supports_session_lease": true, "supports_session_resume": true, "supports_stage_connector_handoff": true, "supports_stage_resumption": true, "supports_turn_commit_only": false, "target_barge_in_latency_ms": null}
time=2026-09-22T17:52:31.311Z level=INFO msg="session started" session=sess_000000000007 binding=duplex model=openrealtime
sidecar: voicechat adapter output boundary: 800 ms decoded silence; not model EOS
sidecar: voicechat adapter output boundary: 800 ms decoded silence; not model EOS
sidecar: voicechat session closed: real_frames=171 fill_frames=37 audio_end_ms=16640
time=2026-09-22T17:52:46.683Z level=INFO msg="session completed" session=sess_000000000007 duration=16.841836783s
sidecar: voicechat hello: rate=24000 tools=[] instructions=''
sidecar: voicechat upstream session openrealtime-6807488d19a841dda0ead9e1b59cd534 created; capabilities={"adapter_patterns": ["scheduler_data_plane"], "chunk_period_ms": 80, "implementation_level": "model_native_duplex", "input_modes": ["append_audio_chunk"], "requires_model_runner_kv": true, "requires_native_stage_role": true, "session_admission_mode": "engine_managed", "signal_sources": ["model_native", "client_event"], "stage_handoff_transport": "scheduler_data_plane", "supports_audio_truncate": false, "supports_barge_in": false, "supports_client_commit": true, "supports_core_kv_lease": false, "supports_core_resumable_request": true, "supports_external_turn_signal": false, "supports_independent_io_streams": true, "supports_input_append": true, "supports_kv_lease": false, "supports_model_internal_state": true, "supports_model_native_turn_policy": true, "supports_multi_session": false, "supports_multi_session_same_replica": false, "supports_playback_ack": true, "supports_realtime_endpoint": true, "supports_reencode_context": false, "supports_replace_latest_chunk": false, "supports_rollback_to_checkpoint": false, "supports_scheduler_native_append": false, "supports_session_adapter": true, "supports_session_lease": true, "supports_session_resume": true, "supports_stage_connector_handoff": true, "supports_stage_resumption": true, "supports_turn_commit_only": false, "target_barge_in_latency_ms": null}
time=2026-09-22T17:52:47.778Z level=INFO msg="session started" session=sess_000000000008 binding=duplex model=openrealtime
sidecar: voicechat adapter output boundary: 800 ms decoded silence; not model EOS
sidecar: voicechat adapter output boundary: 800 ms decoded silence; not model EOS
sidecar: voicechat adapter output boundary: 800 ms decoded silence; not model EOS
sidecar: voicechat session closed: real_frames=180 fill_frames=171 audio_end_ms=28080
time=2026-09-22T17:53:14.911Z level=INFO msg="session completed" session=sess_000000000008 duration=28.244211263s
sidecar: voicechat hello: rate=24000 tools=[] instructions=''
sidecar: voicechat upstream session openrealtime-a2aa35132eaf49e0b586bcaba1ae4a7d created; capabilities={"adapter_patterns": ["scheduler_data_plane"], "chunk_period_ms": 80, "implementation_level": "model_native_duplex", "input_modes": ["append_audio_chunk"], "requires_model_runner_kv": true, "requires_native_stage_role": true, "session_admission_mode": "engine_managed", "signal_sources": ["model_native", "client_event"], "stage_handoff_transport": "scheduler_data_plane", "supports_audio_truncate": false, "supports_barge_in": false, "supports_client_commit": true, "supports_core_kv_lease": false, "supports_core_resumable_request": true, "supports_external_turn_signal": false, "supports_independent_io_streams": true, "supports_input_append": true, "supports_kv_lease": false, "supports_model_internal_state": true, "supports_model_native_turn_policy": true, "supports_multi_session": false, "supports_multi_session_same_replica": false, "supports_playback_ack": true, "supports_realtime_endpoint": true, "supports_reencode_context": false, "supports_replace_latest_chunk": false, "supports_rollback_to_checkpoint": false, "supports_scheduler_native_append": false, "supports_session_adapter": true, "supports_session_lease": true, "supports_session_resume": true, "supports_stage_connector_handoff": true, "supports_stage_resumption": true, "supports_turn_commit_only": false, "target_barge_in_latency_ms": null}
time=2026-09-22T17:53:16.142Z level=INFO msg="session started" session=sess_000000000009 binding=duplex model=openrealtime
sidecar: voicechat adapter output boundary: 800 ms decoded silence; not model EOS
sidecar: voicechat adapter output boundary: 800 ms decoded silence; not model EOS
sidecar: voicechat adapter output boundary: 800 ms decoded silence; not model EOS
sidecar: voicechat adapter output boundary: 800 ms decoded silence; not model EOS
sidecar: voicechat session closed: real_frames=456 fill_frames=175 audio_end_ms=50480
time=2026-09-22T17:54:05.640Z level=INFO msg="session completed" session=sess_000000000009 duration=50.680003654s
sidecar: voicechat hello: rate=24000 tools=[] instructions=''
sidecar: voicechat upstream session openrealtime-b4246725dd73455cad35bbdd4840729e created; capabilities={"adapter_patterns": ["scheduler_data_plane"], "chunk_period_ms": 80, "implementation_level": "model_native_duplex", "input_modes": ["append_audio_chunk"], "requires_model_runner_kv": true, "requires_native_stage_role": true, "session_admission_mode": "engine_managed", "signal_sources": ["model_native", "client_event"], "stage_handoff_transport": "scheduler_data_plane", "supports_audio_truncate": false, "supports_barge_in": false, "supports_client_commit": true, "supports_core_kv_lease": false, "supports_core_resumable_request": true, "supports_external_turn_signal": false, "supports_independent_io_streams": true, "supports_input_append": true, "supports_kv_lease": false, "supports_model_internal_state": true, "supports_model_native_turn_policy": true, "supports_multi_session": false, "supports_multi_session_same_replica": false, "supports_playback_ack": true, "supports_realtime_endpoint": true, "supports_reencode_context": false, "supports_replace_latest_chunk": false, "supports_rollback_to_checkpoint": false, "supports_scheduler_native_append": false, "supports_session_adapter": true, "supports_session_lease": true, "supports_session_resume": true, "supports_stage_connector_handoff": true, "supports_stage_resumption": true, "supports_turn_commit_only": false, "target_barge_in_latency_ms": null}
time=2026-09-22T17:54:07.088Z level=INFO msg="session started" session=sess_000000000010 binding=duplex model=openrealtime
sidecar: voicechat adapter output boundary: 800 ms decoded silence; not model EOS
sidecar: voicechat adapter output boundary: 800 ms decoded silence; not model EOS
sidecar: voicechat adapter output boundary: 800 ms decoded silence; not model EOS
sidecar: voicechat adapter output boundary: 800 ms decoded silence; not model EOS
sidecar: voicechat session closed: real_frames=434 fill_frames=99 audio_end_ms=42640
time=2026-09-22T17:54:48.424Z level=INFO msg="session completed" session=sess_000000000010 duration=42.853768933s
