{
  "input": "deterministic white noise",
  "samples": 720000,
  "rate_hz": 24000,
  "packet_ms": 100,
  "realtime": true,
  "send_lateness_ms_max": 2.6168799959123135,
  "requests": 300,
  "roundtrip_ms": {
    "p50": 5.550266709178686,
    "p95": 7.484642323106527,
    "p99": 9.513553697615862,
    "max": 12.858717702329159
  },
  "server_p99_ms": 7.992,
  "model": "deepfilternet-fir",
  "fixed_audio_delay_ms": 42.0,
  "budget_ms": 50,
  "deadline_misses": 0,
  "energy_change_db_after_first_second": -127.6399407402607,
  "scope": "single-session audio frontend; no ASR, speaker, or dialogue accuracy claim"
}
