(StageEngineCoreProc_stage0_replica0 pid=717783) INFO 09-22 17:44:22 [nemotron_voicechat_thinker.py:459] NVC sampled request=duplex-s.d2FybXVwLTU0MzVhYjA3.i.0.e.0.r.stage0 previous=None token=12
(StageEngineCoreProc_stage0_replica0 pid=717783) INFO 09-22 17:44:23 [nemotron_voicechat_thinker.py:459] NVC sampled request=duplex-s.b3BlbnJlYWx0aW1lLTZmNDEwYzczODI1MjQ2NDQ5OWRmOGQ4MTQ5MGY2ZjI2.i.0.e.0.r.stage0 previous=None token=12
(StageEngineCoreProc_stage0_replica0 pid=717783) INFO 09-22 17:44:24 [nemotron_voicechat_thinker.py:459] NVC sampled request=duplex-s.b3BlbnJlYWx0aW1lLTZmNDEwYzczODI1MjQ2NDQ5OWRmOGQ4MTQ5MGY2ZjI2.i.0.e.0.r.stage0 previous=12 token=2
(APIServer pid=716626) INFO 09-22 17:44:24 [data_plane.py:250] NVC boundary request=duplex-s.b3BlbnJlYWx0aW1lLTZmNDEwYzczODI1MjQ2NDQ5OWRmOGQ4MTQ5MGY2ZjI2.i.0.e.0.r.stage0 token=2 eos=2 text_frames=10 audio_frames=9 pending=[] token_batch=1
(StageEngineCoreProc_stage0_replica0 pid=717783) INFO 09-22 17:44:24 [nemotron_voicechat_thinker.py:459] NVC sampled request=duplex-s.b3BlbnJlYWx0aW1lLTZmNDEwYzczODI1MjQ2NDQ5OWRmOGQ4MTQ5MGY2ZjI2.i.0.e.0.r.stage0 previous=2 token=12
(StageEngineCoreProc_stage0_replica0 pid=717783) INFO 09-22 17:44:25 [nemotron_voicechat_thinker.py:459] NVC sampled request=duplex-s.b3BlbnJlYWx0aW1lLTZmNDEwYzczODI1MjQ2NDQ5OWRmOGQ4MTQ5MGY2ZjI2.i.0.e.0.r.stage0 previous=12 token=1
(StageEngineCoreProc_stage0_replica0 pid=717783) INFO 09-22 17:44:25 [nemotron_voicechat_thinker.py:459] NVC sampled request=duplex-s.b3BlbnJlYWx0aW1lLTZmNDEwYzczODI1MjQ2NDQ5OWRmOGQ4MTQ5MGY2ZjI2.i.0.e.0.r.stage0 previous=1 token=37133
(StageEngineCoreProc_stage0_replica0 pid=717783) INFO 09-22 17:44:25 [nemotron_voicechat_thinker.py:459] NVC sampled request=duplex-s.b3BlbnJlYWx0aW1lLTZmNDEwYzczODI1MjQ2NDQ5OWRmOGQ4MTQ5MGY2ZjI2.i.0.e.0.r.stage0 previous=37133 token=1033
(StageEngineCoreProc_stage0_replica0 pid=717783) INFO 09-22 17:44:25 [nemotron_voicechat_thinker.py:459] NVC sampled request=duplex-s.b3BlbnJlYWx0aW1lLTZmNDEwYzczODI1MjQ2NDQ5OWRmOGQ4MTQ5MGY2ZjI2.i.0.e.0.r.stage0 previous=1033 token=3075
(StageEngineCoreProc_stage0_replica0 pid=717783) INFO 09-22 17:44:25 [nemotron_voicechat_thinker.py:459] NVC sampled request=duplex-s.b3BlbnJlYWx0aW1lLTZmNDEwYzczODI1MjQ2NDQ5OWRmOGQ4MTQ5MGY2ZjI2.i.0.e.0.r.stage0 previous=3075 token=1710
(StageEngineCoreProc_stage0_replica0 pid=717783) INFO 09-22 17:44:25 [nemotron_voicechat_thinker.py:459] NVC sampled request=duplex-s.b3BlbnJlYWx0aW1lLTZmNDEwYzczODI1MjQ2NDQ5OWRmOGQ4MTQ5MGY2ZjI2.i.0.e.0.r.stage0 previous=1710 token=1362
(StageEngineCoreProc_stage0_replica0 pid=717783) INFO 09-22 17:44:25 [nemotron_voicechat_thinker.py:459] NVC sampled request=duplex-s.b3BlbnJlYWx0aW1lLTZmNDEwYzczODI1MjQ2NDQ5OWRmOGQ4MTQ5MGY2ZjI2.i.0.e.0.r.stage0 previous=1362 token=3508
(StageEngineCoreProc_stage0_replica0 pid=717783) INFO 09-22 17:44:26 [nemotron_voicechat_thinker.py:459] NVC sampled request=duplex-s.b3BlbnJlYWx0aW1lLTZmNDEwYzczODI1MjQ2NDQ5OWRmOGQ4MTQ5MGY2ZjI2.i.0.e.0.r.stage0 previous=3508 token=1636
(StageEngineCoreProc_stage0_replica0 pid=717783) INFO 09-22 17:44:26 [nemotron_voicechat_thinker.py:459] NVC sampled request=duplex-s.b3BlbnJlYWx0aW1lLTZmNDEwYzczODI1MjQ2NDQ5OWRmOGQ4MTQ5MGY2ZjI2.i.0.e.0.r.stage0 previous=1636 token=9406
(StageEngineCoreProc_stage0_replica0 pid=717783) INFO 09-22 17:44:26 [nemotron_voicechat_thinker.py:459] NVC sampled request=duplex-s.b3BlbnJlYWx0aW1lLTZmNDEwYzczODI1MjQ2NDQ5OWRmOGQ4MTQ5MGY2ZjI2.i.0.e.0.r.stage0 previous=9406 token=1063
(StageEngineCoreProc_stage0_replica0 pid=717783) INFO 09-22 17:44:26 [nemotron_voicechat_thinker.py:459] NVC sampled request=duplex-s.b3BlbnJlYWx0aW1lLTZmNDEwYzczODI1MjQ2NDQ5OWRmOGQ4MTQ5MGY2ZjI2.i.0.e.0.r.stage0 previous=1063 token=12
(StageEngineCoreProc_stage0_replica0 pid=717783) INFO 09-22 17:44:26 [nemotron_voicechat_thinker.py:459] NVC sampled request=duplex-s.b3BlbnJlYWx0aW1lLTZmNDEwYzczODI1MjQ2NDQ5OWRmOGQ4MTQ5MGY2ZjI2.i.0.e.0.r.stage0 previous=12 token=2
(APIServer pid=716626) INFO 09-22 17:44:26 [data_plane.py:250] NVC boundary request=duplex-s.b3BlbnJlYWx0aW1lLTZmNDEwYzczODI1MjQ2NDQ5OWRmOGQ4MTQ5MGY2ZjI2.i.0.e.0.r.stage0 token=2 eos=2 text_frames=38 audio_frames=37 pending=[] token_batch=1
(StageEngineCoreProc_stage0_replica0 pid=717783) INFO 09-22 17:44:26 [nemotron_voicechat_thinker.py:459] NVC sampled request=duplex-s.b3BlbnJlYWx0aW1lLTZmNDEwYzczODI1MjQ2NDQ5OWRmOGQ4MTQ5MGY2ZjI2.i.0.e.0.r.stage0 previous=2 token=12
(StageEngineCoreProc_stage0_replica0 pid=717783) INFO 09-22 17:44:28 [nemotron_voicechat_thinker.py:459] NVC sampled request=duplex-s.b3BlbnJlYWx0aW1lLTZmNDEwYzczODI1MjQ2NDQ5OWRmOGQ4MTQ5MGY2ZjI2.i.0.e.0.r.stage0 previous=12 token=1
(StageEngineCoreProc_stage0_replica0 pid=717783) INFO 09-22 17:44:28 [nemotron_voicechat_thinker.py:459] NVC sampled request=duplex-s.b3BlbnJlYWx0aW1lLTZmNDEwYzczODI1MjQ2NDQ5OWRmOGQ4MTQ5MGY2ZjI2.i.0.e.0.r.stage0 previous=1 token=4568
(StageEngineCoreProc_stage0_replica0 pid=717783) INFO 09-22 17:44:29 [nemotron_voicechat_thinker.py:459] NVC sampled request=duplex-s.b3BlbnJlYWx0aW1lLTZmNDEwYzczODI1MjQ2NDQ5OWRmOGQ4MTQ5MGY2ZjI2.i.0.e.0.r.stage0 previous=4568 token=1710
(StageEngineCoreProc_stage0_replica0 pid=717783) INFO 09-22 17:44:29 [nemotron_voicechat_thinker.py:459] NVC sampled request=duplex-s.b3BlbnJlYWx0aW1lLTZmNDEwYzczODI1MjQ2NDQ5OWRmOGQ4MTQ5MGY2ZjI2.i.0.e.0.r.stage0 previous=1710 token=8704
(StageEngineCoreProc_stage0_replica0 pid=717783) INFO 09-22 17:44:29 [nemotron_voicechat_thinker.py:459] NVC sampled request=duplex-s.b3BlbnJlYWx0aW1lLTZmNDEwYzczODI1MjQ2NDQ5OWRmOGQ4MTQ5MGY2ZjI2.i.0.e.0.r.stage0 previous=8704 token=8551
(StageEngineCoreProc_stage0_replica0 pid=717783) INFO 09-22 17:44:29 [nemotron_voicechat_thinker.py:459] NVC sampled request=duplex-s.b3BlbnJlYWx0aW1lLTZmNDEwYzczODI1MjQ2NDQ5OWRmOGQ4MTQ5MGY2ZjI2.i.0.e.0.r.stage0 previous=8551 token=1536
(StageEngineCoreProc_stage0_replica0 pid=717783) INFO 09-22 17:44:29 [nemotron_voicechat_thinker.py:459] NVC sampled request=duplex-s.b3BlbnJlYWx0aW1lLTZmNDEwYzczODI1MjQ2NDQ5OWRmOGQ4MTQ5MGY2ZjI2.i.0.e.0.r.stage0 previous=1536 token=6187
(StageEngineCoreProc_stage0_replica0 pid=717783) INFO 09-22 17:44:29 [nemotron_voicechat_thinker.py:459] NVC sampled request=duplex-s.b3BlbnJlYWx0aW1lLTZmNDEwYzczODI1MjQ2NDQ5OWRmOGQ4MTQ5MGY2ZjI2.i.0.e.0.r.stage0 previous=6187 token=1261
(StageEngineCoreProc_stage0_replica0 pid=717783) INFO 09-22 17:44:29 [nemotron_voicechat_thinker.py:459] NVC sampled request=duplex-s.b3BlbnJlYWx0aW1lLTZmNDEwYzczODI1MjQ2NDQ5OWRmOGQ4MTQ5MGY2ZjI2.i.0.e.0.r.stage0 previous=1261 token=18089
(StageEngineCoreProc_stage0_replica0 pid=717783) INFO 09-22 17:44:29 [nemotron_voicechat_thinker.py:459] NVC sampled request=duplex-s.b3BlbnJlYWx0aW1lLTZmNDEwYzczODI1MjQ2NDQ5OWRmOGQ4MTQ5MGY2ZjI2.i.0.e.0.r.stage0 previous=18089 token=1321
(StageEngineCoreProc_stage0_replica0 pid=717783) INFO 09-22 17:44:29 [nemotron_voicechat_thinker.py:459] NVC sampled request=duplex-s.b3BlbnJlYWx0aW1lLTZmNDEwYzczODI1MjQ2NDQ5OWRmOGQ4MTQ5MGY2ZjI2.i.0.e.0.r.stage0 previous=1321 token=26112
(StageEngineCoreProc_stage0_replica0 pid=717783) INFO 09-22 17:44:29 [nemotron_voicechat_thinker.py:459] NVC sampled request=duplex-s.b3BlbnJlYWx0aW1lLTZmNDEwYzczODI1MjQ2NDQ5OWRmOGQ4MTQ5MGY2ZjI2.i.0.e.0.r.stage0 previous=26112 token=2143
(StageEngineCoreProc_stage0_replica0 pid=717783) INFO 09-22 17:44:29 [nemotron_voicechat_thinker.py:459] NVC sampled request=duplex-s.b3BlbnJlYWx0aW1lLTZmNDEwYzczODI1MjQ2NDQ5OWRmOGQ4MTQ5MGY2ZjI2.i.0.e.0.r.stage0 previous=2143 token=43645
(StageEngineCoreProc_stage0_replica0 pid=717783) INFO 09-22 17:44:29 [nemotron_voicechat_thinker.py:459] NVC sampled request=duplex-s.b3BlbnJlYWx0aW1lLTZmNDEwYzczODI1MjQ2NDQ5OWRmOGQ4MTQ5MGY2ZjI2.i.0.e.0.r.stage0 previous=43645 token=1046
(StageEngineCoreProc_stage0_replica0 pid=717783) INFO 09-22 17:44:29 [nemotron_voicechat_thinker.py:459] NVC sampled request=duplex-s.b3BlbnJlYWx0aW1lLTZmNDEwYzczODI1MjQ2NDQ5OWRmOGQ4MTQ5MGY2ZjI2.i.0.e.0.r.stage0 previous=1046 token=12
(APIServer pid=716626) INFO 09-22 17:44:31 [data_plane.py:250] NVC boundary request=duplex-s.b3BlbnJlYWx0aW1lLTZmNDEwYzczODI1MjQ2NDQ5OWRmOGQ4MTQ5MGY2ZjI2.i.0.e.0.r.stage0 token=12 eos=2 text_frames=100 audio_frames=99 pending=[] token_batch=1
(APIServer pid=716626) INFO 09-22 17:44:40 [data_plane.py:250] NVC boundary request=duplex-s.b3BlbnJlYWx0aW1lLTZmNDEwYzczODI1MjQ2NDQ5OWRmOGQ4MTQ5MGY2ZjI2.i.0.e.0.r.stage0 token=12 eos=2 text_frames=200 audio_frames=199 pending=[] token_batch=1
(StageEngineCoreProc_stage0_replica0 pid=717783) INFO 09-22 17:45:13 [nemotron_voicechat_thinker.py:459] NVC sampled request=duplex-s.b3BlbnJlYWx0aW1lLTJhMDcwOTJiZTQ5MjRmODc5YjliNWYyZjliNWQ1N2M0.i.0.e.0.r.stage0 previous=None token=12
(StageEngineCoreProc_stage0_replica0 pid=717783) INFO 09-22 17:45:14 [nemotron_voicechat_thinker.py:459] NVC sampled request=duplex-s.b3BlbnJlYWx0aW1lLTJhMDcwOTJiZTQ5MjRmODc5YjliNWYyZjliNWQ1N2M0.i.0.e.0.r.stage0 previous=12 token=2
(APIServer pid=716626) INFO 09-22 17:45:14 [data_plane.py:250] NVC boundary request=duplex-s.b3BlbnJlYWx0aW1lLTJhMDcwOTJiZTQ5MjRmODc5YjliNWYyZjliNWQ1N2M0.i.0.e.0.r.stage0 token=2 eos=2 text_frames=10 audio_frames=9 pending=[] token_batch=1
(StageEngineCoreProc_stage0_replica0 pid=717783) INFO 09-22 17:45:14 [nemotron_voicechat_thinker.py:459] NVC sampled request=duplex-s.b3BlbnJlYWx0aW1lLTJhMDcwOTJiZTQ5MjRmODc5YjliNWYyZjliNWQ1N2M0.i.0.e.0.r.stage0 previous=2 token=12
(StageEngineCoreProc_stage0_replica0 pid=717783) INFO 09-22 17:45:14 [nemotron_voicechat_thinker.py:459] NVC sampled request=duplex-s.b3BlbnJlYWx0aW1lLTJhMDcwOTJiZTQ5MjRmODc5YjliNWYyZjliNWQ1N2M0.i.0.e.0.r.stage0 previous=12 token=1
(StageEngineCoreProc_stage0_replica0 pid=717783) INFO 09-22 17:45:15 [nemotron_voicechat_thinker.py:459] NVC sampled request=duplex-s.b3BlbnJlYWx0aW1lLTJhMDcwOTJiZTQ5MjRmODc5YjliNWYyZjliNWQ1N2M0.i.0.e.0.r.stage0 previous=1 token=37133
(StageEngineCoreProc_stage0_replica0 pid=717783) INFO 09-22 17:45:15 [nemotron_voicechat_thinker.py:459] NVC sampled request=duplex-s.b3BlbnJlYWx0aW1lLTJhMDcwOTJiZTQ5MjRmODc5YjliNWYyZjliNWQ1N2M0.i.0.e.0.r.stage0 previous=37133 token=1033
(StageEngineCoreProc_stage0_replica0 pid=717783) INFO 09-22 17:45:15 [nemotron_voicechat_thinker.py:459] NVC sampled request=duplex-s.b3BlbnJlYWx0aW1lLTJhMDcwOTJiZTQ5MjRmODc5YjliNWYyZjliNWQ1N2M0.i.0.e.0.r.stage0 previous=1033 token=3075
(StageEngineCoreProc_stage0_replica0 pid=717783) INFO 09-22 17:45:15 [nemotron_voicechat_thinker.py:459] NVC sampled request=duplex-s.b3BlbnJlYWx0aW1lLTJhMDcwOTJiZTQ5MjRmODc5YjliNWYyZjliNWQ1N2M0.i.0.e.0.r.stage0 previous=3075 token=1710
(StageEngineCoreProc_stage0_replica0 pid=717783) INFO 09-22 17:45:15 [nemotron_voicechat_thinker.py:459] NVC sampled request=duplex-s.b3BlbnJlYWx0aW1lLTJhMDcwOTJiZTQ5MjRmODc5YjliNWYyZjliNWQ1N2M0.i.0.e.0.r.stage0 previous=1710 token=1362
(StageEngineCoreProc_stage0_replica0 pid=717783) INFO 09-22 17:45:15 [nemotron_voicechat_thinker.py:459] NVC sampled request=duplex-s.b3BlbnJlYWx0aW1lLTJhMDcwOTJiZTQ5MjRmODc5YjliNWYyZjliNWQ1N2M0.i.0.e.0.r.stage0 previous=1362 token=3508
(StageEngineCoreProc_stage0_replica0 pid=717783) INFO 09-22 17:45:15 [nemotron_voicechat_thinker.py:459] NVC sampled request=duplex-s.b3BlbnJlYWx0aW1lLTJhMDcwOTJiZTQ5MjRmODc5YjliNWYyZjliNWQ1N2M0.i.0.e.0.r.stage0 previous=3508 token=1636
(StageEngineCoreProc_stage0_replica0 pid=717783) INFO 09-22 17:45:15 [nemotron_voicechat_thinker.py:459] NVC sampled request=duplex-s.b3BlbnJlYWx0aW1lLTJhMDcwOTJiZTQ5MjRmODc5YjliNWYyZjliNWQ1N2M0.i.0.e.0.r.stage0 previous=1636 token=9406
(StageEngineCoreProc_stage0_replica0 pid=717783) INFO 09-22 17:45:15 [nemotron_voicechat_thinker.py:459] NVC sampled request=duplex-s.b3BlbnJlYWx0aW1lLTJhMDcwOTJiZTQ5MjRmODc5YjliNWYyZjliNWQ1N2M0.i.0.e.0.r.stage0 previous=9406 token=1063
(StageEngineCoreProc_stage0_replica0 pid=717783) INFO 09-22 17:45:15 [nemotron_voicechat_thinker.py:459] NVC sampled request=duplex-s.b3BlbnJlYWx0aW1lLTJhMDcwOTJiZTQ5MjRmODc5YjliNWYyZjliNWQ1N2M0.i.0.e.0.r.stage0 previous=1063 token=12
(StageEngineCoreProc_stage0_replica0 pid=717783) INFO 09-22 17:45:19 [nemotron_voicechat_thinker.py:459] NVC sampled request=duplex-s.b3BlbnJlYWx0aW1lLTJhMDcwOTJiZTQ5MjRmODc5YjliNWYyZjliNWQ1N2M0.i.0.e.0.r.stage0 previous=12 token=2
(APIServer pid=716626) INFO 09-22 17:45:19 [data_plane.py:250] NVC boundary request=duplex-s.b3BlbnJlYWx0aW1lLTJhMDcwOTJiZTQ5MjRmODc5YjliNWYyZjliNWQ1N2M0.i.0.e.0.r.stage0 token=2 eos=2 text_frames=72 audio_frames=71 pending=[] token_batch=1
(StageEngineCoreProc_stage0_replica0 pid=717783) INFO 09-22 17:45:19 [nemotron_voicechat_thinker.py:459] NVC sampled request=duplex-s.b3BlbnJlYWx0aW1lLTJhMDcwOTJiZTQ5MjRmODc5YjliNWYyZjliNWQ1N2M0.i.0.e.0.r.stage0 previous=2 token=12
(APIServer pid=716626) INFO 09-22 17:45:21 [data_plane.py:250] NVC boundary request=duplex-s.b3BlbnJlYWx0aW1lLTJhMDcwOTJiZTQ5MjRmODc5YjliNWYyZjliNWQ1N2M0.i.0.e.0.r.stage0 token=12 eos=2 text_frames=100 audio_frames=99 pending=[] token_batch=1
(StageEngineCoreProc_stage0_replica0 pid=717783) INFO 09-22 17:45:21 [nemotron_voicechat_thinker.py:459] NVC sampled request=duplex-s.b3BlbnJlYWx0aW1lLTJhMDcwOTJiZTQ5MjRmODc5YjliNWYyZjliNWQ1N2M0.i.0.e.0.r.stage0 previous=12 token=1
(StageEngineCoreProc_stage0_replica0 pid=717783) INFO 09-22 17:45:21 [nemotron_voicechat_thinker.py:459] NVC sampled request=duplex-s.b3BlbnJlYWx0aW1lLTJhMDcwOTJiZTQ5MjRmODc5YjliNWYyZjliNWQ1N2M0.i.0.e.0.r.stage0 previous=1 token=4568
(StageEngineCoreProc_stage0_replica0 pid=717783) INFO 09-22 17:45:21 [nemotron_voicechat_thinker.py:459] NVC sampled request=duplex-s.b3BlbnJlYWx0aW1lLTJhMDcwOTJiZTQ5MjRmODc5YjliNWYyZjliNWQ1N2M0.i.0.e.0.r.stage0 previous=4568 token=1710
(StageEngineCoreProc_stage0_replica0 pid=717783) INFO 09-22 17:45:21 [nemotron_voicechat_thinker.py:459] NVC sampled request=duplex-s.b3BlbnJlYWx0aW1lLTJhMDcwOTJiZTQ5MjRmODc5YjliNWYyZjliNWQ1N2M0.i.0.e.0.r.stage0 previous=1710 token=8704
(StageEngineCoreProc_stage0_replica0 pid=717783) INFO 09-22 17:45:21 [nemotron_voicechat_thinker.py:459] NVC sampled request=duplex-s.b3BlbnJlYWx0aW1lLTJhMDcwOTJiZTQ5MjRmODc5YjliNWYyZjliNWQ1N2M0.i.0.e.0.r.stage0 previous=8704 token=8551
(StageEngineCoreProc_stage0_replica0 pid=717783) INFO 09-22 17:45:21 [nemotron_voicechat_thinker.py:459] NVC sampled request=duplex-s.b3BlbnJlYWx0aW1lLTJhMDcwOTJiZTQ5MjRmODc5YjliNWYyZjliNWQ1N2M0.i.0.e.0.r.stage0 previous=8551 token=1536
(StageEngineCoreProc_stage0_replica0 pid=717783) INFO 09-22 17:45:21 [nemotron_voicechat_thinker.py:459] NVC sampled request=duplex-s.b3BlbnJlYWx0aW1lLTJhMDcwOTJiZTQ5MjRmODc5YjliNWYyZjliNWQ1N2M0.i.0.e.0.r.stage0 previous=1536 token=6187
(StageEngineCoreProc_stage0_replica0 pid=717783) INFO 09-22 17:45:22 [nemotron_voicechat_thinker.py:459] NVC sampled request=duplex-s.b3BlbnJlYWx0aW1lLTJhMDcwOTJiZTQ5MjRmODc5YjliNWYyZjliNWQ1N2M0.i.0.e.0.r.stage0 previous=6187 token=1261
(StageEngineCoreProc_stage0_replica0 pid=717783) INFO 09-22 17:45:22 [nemotron_voicechat_thinker.py:459] NVC sampled request=duplex-s.b3BlbnJlYWx0aW1lLTJhMDcwOTJiZTQ5MjRmODc5YjliNWYyZjliNWQ1N2M0.i.0.e.0.r.stage0 previous=1261 token=18089
(StageEngineCoreProc_stage0_replica0 pid=717783) INFO 09-22 17:45:22 [nemotron_voicechat_thinker.py:459] NVC sampled request=duplex-s.b3BlbnJlYWx0aW1lLTJhMDcwOTJiZTQ5MjRmODc5YjliNWYyZjliNWQ1N2M0.i.0.e.0.r.stage0 previous=18089 token=1044
(StageEngineCoreProc_stage0_replica0 pid=717783) INFO 09-22 17:45:22 [nemotron_voicechat_thinker.py:459] NVC sampled request=duplex-s.b3BlbnJlYWx0aW1lLTJhMDcwOTJiZTQ5MjRmODc5YjliNWYyZjliNWQ1N2M0.i.0.e.0.r.stage0 previous=1044 token=23589
(StageEngineCoreProc_stage0_replica0 pid=717783) INFO 09-22 17:45:22 [nemotron_voicechat_thinker.py:459] NVC sampled request=duplex-s.b3BlbnJlYWx0aW1lLTJhMDcwOTJiZTQ5MjRmODc5YjliNWYyZjliNWQ1N2M0.i.0.e.0.r.stage0 previous=23589 token=39943
(StageEngineCoreProc_stage0_replica0 pid=717783) INFO 09-22 17:45:22 [nemotron_voicechat_thinker.py:459] NVC sampled request=duplex-s.b3BlbnJlYWx0aW1lLTJhMDcwOTJiZTQ5MjRmODc5YjliNWYyZjliNWQ1N2M0.i.0.e.0.r.stage0 previous=39943 token=43645
(StageEngineCoreProc_stage0_replica0 pid=717783) INFO 09-22 17:45:22 [nemotron_voicechat_thinker.py:459] NVC sampled request=duplex-s.b3BlbnJlYWx0aW1lLTJhMDcwOTJiZTQ5MjRmODc5YjliNWYyZjliNWQ1N2M0.i.0.e.0.r.stage0 previous=43645 token=1044
(StageEngineCoreProc_stage0_replica0 pid=717783) INFO 09-22 17:45:22 [nemotron_voicechat_thinker.py:459] NVC sampled request=duplex-s.b3BlbnJlYWx0aW1lLTJhMDcwOTJiZTQ5MjRmODc5YjliNWYyZjliNWQ1N2M0.i.0.e.0.r.stage0 previous=1044 token=1321
(StageEngineCoreProc_stage0_replica0 pid=717783) INFO 09-22 17:45:22 [nemotron_voicechat_thinker.py:459] NVC sampled request=duplex-s.b3BlbnJlYWx0aW1lLTJhMDcwOTJiZTQ5MjRmODc5YjliNWYyZjliNWQ1N2M0.i.0.e.0.r.stage0 previous=1321 token=2505
(StageEngineCoreProc_stage0_replica0 pid=717783) INFO 09-22 17:45:22 [nemotron_voicechat_thinker.py:459] NVC sampled request=duplex-s.b3BlbnJlYWx0aW1lLTJhMDcwOTJiZTQ5MjRmODc5YjliNWYyZjliNWQ1N2M0.i.0.e.0.r.stage0 previous=2505 token=3851
(StageEngineCoreProc_stage0_replica0 pid=717783) INFO 09-22 17:45:22 [nemotron_voicechat_thinker.py:459] NVC sampled request=duplex-s.b3BlbnJlYWx0aW1lLTJhMDcwOTJiZTQ5MjRmODc5YjliNWYyZjliNWQ1N2M0.i.0.e.0.r.stage0 previous=3851 token=4288
(StageEngineCoreProc_stage0_replica0 pid=717783) INFO 09-22 17:45:22 [nemotron_voicechat_thinker.py:459] NVC sampled request=duplex-s.b3BlbnJlYWx0aW1lLTJhMDcwOTJiZTQ5MjRmODc5YjliNWYyZjliNWQ1N2M0.i.0.e.0.r.stage0 previous=4288 token=1046
(StageEngineCoreProc_stage0_replica0 pid=717783) INFO 09-22 17:45:22 [nemotron_voicechat_thinker.py:459] NVC sampled request=duplex-s.b3BlbnJlYWx0aW1lLTJhMDcwOTJiZTQ5MjRmODc5YjliNWYyZjliNWQ1N2M0.i.0.e.0.r.stage0 previous=1046 token=12
(APIServer pid=716626) INFO 09-22 17:45:29 [data_plane.py:250] NVC boundary request=duplex-s.b3BlbnJlYWx0aW1lLTJhMDcwOTJiZTQ5MjRmODc5YjliNWYyZjliNWQ1N2M0.i.0.e.0.r.stage0 token=12 eos=2 text_frames=200 audio_frames=199 pending=[] token_batch=1
(APIServer pid=716626) INFO 09-22 17:45:37 [data_plane.py:250] NVC boundary request=duplex-s.b3BlbnJlYWx0aW1lLTJhMDcwOTJiZTQ5MjRmODc5YjliNWYyZjliNWQ1N2M0.i.0.e.0.r.stage0 token=12 eos=2 text_frames=300 audio_frames=299 pending=[] token_batch=1
(StageEngineCoreProc_stage0_replica0 pid=717783) INFO 09-22 17:46:14 [nemotron_voicechat_thinker.py:459] NVC sampled request=duplex-s.b3BlbnJlYWx0aW1lLTRmNzNjYzkzNjkwZDQ5N2JhMTI0YTg0ZjM4ZGZlZjdl.i.0.e.0.r.stage0 previous=None token=12
(StageEngineCoreProc_stage0_replica0 pid=717783) INFO 09-22 17:46:14 [nemotron_voicechat_thinker.py:459] NVC sampled request=duplex-s.b3BlbnJlYWx0aW1lLTRmNzNjYzkzNjkwZDQ5N2JhMTI0YTg0ZjM4ZGZlZjdl.i.0.e.0.r.stage0 previous=12 token=2
(APIServer pid=716626) INFO 09-22 17:46:14 [data_plane.py:250] NVC boundary request=duplex-s.b3BlbnJlYWx0aW1lLTRmNzNjYzkzNjkwZDQ5N2JhMTI0YTg0ZjM4ZGZlZjdl.i.0.e.0.r.stage0 token=2 eos=2 text_frames=10 audio_frames=9 pending=[] token_batch=1
(StageEngineCoreProc_stage0_replica0 pid=717783) INFO 09-22 17:46:14 [nemotron_voicechat_thinker.py:459] NVC sampled request=duplex-s.b3BlbnJlYWx0aW1lLTRmNzNjYzkzNjkwZDQ5N2JhMTI0YTg0ZjM4ZGZlZjdl.i.0.e.0.r.stage0 previous=2 token=12
(StageEngineCoreProc_stage0_replica0 pid=717783) INFO 09-22 17:46:15 [nemotron_voicechat_thinker.py:459] NVC sampled request=duplex-s.b3BlbnJlYWx0aW1lLTRmNzNjYzkzNjkwZDQ5N2JhMTI0YTg0ZjM4ZGZlZjdl.i.0.e.0.r.stage0 previous=12 token=1
(StageEngineCoreProc_stage0_replica0 pid=717783) INFO 09-22 17:46:15 [nemotron_voicechat_thinker.py:459] NVC sampled request=duplex-s.b3BlbnJlYWx0aW1lLTRmNzNjYzkzNjkwZDQ5N2JhMTI0YTg0ZjM4ZGZlZjdl.i.0.e.0.r.stage0 previous=1 token=37133
(StageEngineCoreProc_stage0_replica0 pid=717783) INFO 09-22 17:46:15 [nemotron_voicechat_thinker.py:459] NVC sampled request=duplex-s.b3BlbnJlYWx0aW1lLTRmNzNjYzkzNjkwZDQ5N2JhMTI0YTg0ZjM4ZGZlZjdl.i.0.e.0.r.stage0 previous=37133 token=1033
(StageEngineCoreProc_stage0_replica0 pid=717783) INFO 09-22 17:46:15 [nemotron_voicechat_thinker.py:459] NVC sampled request=duplex-s.b3BlbnJlYWx0aW1lLTRmNzNjYzkzNjkwZDQ5N2JhMTI0YTg0ZjM4ZGZlZjdl.i.0.e.0.r.stage0 previous=1033 token=3075
(StageEngineCoreProc_stage0_replica0 pid=717783) INFO 09-22 17:46:15 [nemotron_voicechat_thinker.py:459] NVC sampled request=duplex-s.b3BlbnJlYWx0aW1lLTRmNzNjYzkzNjkwZDQ5N2JhMTI0YTg0ZjM4ZGZlZjdl.i.0.e.0.r.stage0 previous=3075 token=1710
(StageEngineCoreProc_stage0_replica0 pid=717783) INFO 09-22 17:46:15 [nemotron_voicechat_thinker.py:459] NVC sampled request=duplex-s.b3BlbnJlYWx0aW1lLTRmNzNjYzkzNjkwZDQ5N2JhMTI0YTg0ZjM4ZGZlZjdl.i.0.e.0.r.stage0 previous=1710 token=1362
(StageEngineCoreProc_stage0_replica0 pid=717783) INFO 09-22 17:46:16 [nemotron_voicechat_thinker.py:459] NVC sampled request=duplex-s.b3BlbnJlYWx0aW1lLTRmNzNjYzkzNjkwZDQ5N2JhMTI0YTg0ZjM4ZGZlZjdl.i.0.e.0.r.stage0 previous=1362 token=3508
(StageEngineCoreProc_stage0_replica0 pid=717783) INFO 09-22 17:46:16 [nemotron_voicechat_thinker.py:459] NVC sampled request=duplex-s.b3BlbnJlYWx0aW1lLTRmNzNjYzkzNjkwZDQ5N2JhMTI0YTg0ZjM4ZGZlZjdl.i.0.e.0.r.stage0 previous=3508 token=1636
(StageEngineCoreProc_stage0_replica0 pid=717783) INFO 09-22 17:46:16 [nemotron_voicechat_thinker.py:459] NVC sampled request=duplex-s.b3BlbnJlYWx0aW1lLTRmNzNjYzkzNjkwZDQ5N2JhMTI0YTg0ZjM4ZGZlZjdl.i.0.e.0.r.stage0 previous=1636 token=9406
(StageEngineCoreProc_stage0_replica0 pid=717783) INFO 09-22 17:46:16 [nemotron_voicechat_thinker.py:459] NVC sampled request=duplex-s.b3BlbnJlYWx0aW1lLTRmNzNjYzkzNjkwZDQ5N2JhMTI0YTg0ZjM4ZGZlZjdl.i.0.e.0.r.stage0 previous=9406 token=1063
(StageEngineCoreProc_stage0_replica0 pid=717783) INFO 09-22 17:46:16 [nemotron_voicechat_thinker.py:459] NVC sampled request=duplex-s.b3BlbnJlYWx0aW1lLTRmNzNjYzkzNjkwZDQ5N2JhMTI0YTg0ZjM4ZGZlZjdl.i.0.e.0.r.stage0 previous=1063 token=12
(StageEngineCoreProc_stage0_replica0 pid=717783) INFO 09-22 17:46:17 [nemotron_voicechat_thinker.py:459] NVC sampled request=duplex-s.b3BlbnJlYWx0aW1lLTRmNzNjYzkzNjkwZDQ5N2JhMTI0YTg0ZjM4ZGZlZjdl.i.0.e.0.r.stage0 previous=12 token=2
(APIServer pid=716626) INFO 09-22 17:46:17 [data_plane.py:250] NVC boundary request=duplex-s.b3BlbnJlYWx0aW1lLTRmNzNjYzkzNjkwZDQ5N2JhMTI0YTg0ZjM4ZGZlZjdl.i.0.e.0.r.stage0 token=2 eos=2 text_frames=38 audio_frames=37 pending=[] token_batch=1
(StageEngineCoreProc_stage0_replica0 pid=717783) INFO 09-22 17:46:17 [nemotron_voicechat_thinker.py:459] NVC sampled request=duplex-s.b3BlbnJlYWx0aW1lLTRmNzNjYzkzNjkwZDQ5N2JhMTI0YTg0ZjM4ZGZlZjdl.i.0.e.0.r.stage0 previous=2 token=12
(StageEngineCoreProc_stage0_replica0 pid=717783) INFO 09-22 17:46:19 [nemotron_voicechat_thinker.py:459] NVC sampled request=duplex-s.b3BlbnJlYWx0aW1lLTRmNzNjYzkzNjkwZDQ5N2JhMTI0YTg0ZjM4ZGZlZjdl.i.0.e.0.r.stage0 previous=12 token=1
(StageEngineCoreProc_stage0_replica0 pid=717783) INFO 09-22 17:46:19 [nemotron_voicechat_thinker.py:459] NVC sampled request=duplex-s.b3BlbnJlYWx0aW1lLTRmNzNjYzkzNjkwZDQ5N2JhMTI0YTg0ZjM4ZGZlZjdl.i.0.e.0.r.stage0 previous=1 token=4568
(StageEngineCoreProc_stage0_replica0 pid=717783) INFO 09-22 17:46:19 [nemotron_voicechat_thinker.py:459] NVC sampled request=duplex-s.b3BlbnJlYWx0aW1lLTRmNzNjYzkzNjkwZDQ5N2JhMTI0YTg0ZjM4ZGZlZjdl.i.0.e.0.r.stage0 previous=4568 token=1710
(StageEngineCoreProc_stage0_replica0 pid=717783) INFO 09-22 17:46:19 [nemotron_voicechat_thinker.py:459] NVC sampled request=duplex-s.b3BlbnJlYWx0aW1lLTRmNzNjYzkzNjkwZDQ5N2JhMTI0YTg0ZjM4ZGZlZjdl.i.0.e.0.r.stage0 previous=1710 token=8704
(StageEngineCoreProc_stage0_replica0 pid=717783) INFO 09-22 17:46:19 [nemotron_voicechat_thinker.py:459] NVC sampled request=duplex-s.b3BlbnJlYWx0aW1lLTRmNzNjYzkzNjkwZDQ5N2JhMTI0YTg0ZjM4ZGZlZjdl.i.0.e.0.r.stage0 previous=8704 token=8551
(StageEngineCoreProc_stage0_replica0 pid=717783) INFO 09-22 17:46:19 [nemotron_voicechat_thinker.py:459] NVC sampled request=duplex-s.b3BlbnJlYWx0aW1lLTRmNzNjYzkzNjkwZDQ5N2JhMTI0YTg0ZjM4ZGZlZjdl.i.0.e.0.r.stage0 previous=8551 token=1536
(StageEngineCoreProc_stage0_replica0 pid=717783) INFO 09-22 17:46:19 [nemotron_voicechat_thinker.py:459] NVC sampled request=duplex-s.b3BlbnJlYWx0aW1lLTRmNzNjYzkzNjkwZDQ5N2JhMTI0YTg0ZjM4ZGZlZjdl.i.0.e.0.r.stage0 previous=1536 token=6187
(StageEngineCoreProc_stage0_replica0 pid=717783) INFO 09-22 17:46:19 [nemotron_voicechat_thinker.py:459] NVC sampled request=duplex-s.b3BlbnJlYWx0aW1lLTRmNzNjYzkzNjkwZDQ5N2JhMTI0YTg0ZjM4ZGZlZjdl.i.0.e.0.r.stage0 previous=6187 token=1261
(StageEngineCoreProc_stage0_replica0 pid=717783) INFO 09-22 17:46:19 [nemotron_voicechat_thinker.py:459] NVC sampled request=duplex-s.b3BlbnJlYWx0aW1lLTRmNzNjYzkzNjkwZDQ5N2JhMTI0YTg0ZjM4ZGZlZjdl.i.0.e.0.r.stage0 previous=1261 token=18089
(StageEngineCoreProc_stage0_replica0 pid=717783) INFO 09-22 17:46:19 [nemotron_voicechat_thinker.py:459] NVC sampled request=duplex-s.b3BlbnJlYWx0aW1lLTRmNzNjYzkzNjkwZDQ5N2JhMTI0YTg0ZjM4ZGZlZjdl.i.0.e.0.r.stage0 previous=18089 token=1321
(StageEngineCoreProc_stage0_replica0 pid=717783) INFO 09-22 17:46:19 [nemotron_voicechat_thinker.py:459] NVC sampled request=duplex-s.b3BlbnJlYWx0aW1lLTRmNzNjYzkzNjkwZDQ5N2JhMTI0YTg0ZjM4ZGZlZjdl.i.0.e.0.r.stage0 previous=1321 token=26112
(StageEngineCoreProc_stage0_replica0 pid=717783) INFO 09-22 17:46:19 [nemotron_voicechat_thinker.py:459] NVC sampled request=duplex-s.b3BlbnJlYWx0aW1lLTRmNzNjYzkzNjkwZDQ5N2JhMTI0YTg0ZjM4ZGZlZjdl.i.0.e.0.r.stage0 previous=26112 token=2143
(StageEngineCoreProc_stage0_replica0 pid=717783) INFO 09-22 17:46:19 [nemotron_voicechat_thinker.py:459] NVC sampled request=duplex-s.b3BlbnJlYWx0aW1lLTRmNzNjYzkzNjkwZDQ5N2JhMTI0YTg0ZjM4ZGZlZjdl.i.0.e.0.r.stage0 previous=2143 token=43645
(StageEngineCoreProc_stage0_replica0 pid=717783) INFO 09-22 17:46:20 [nemotron_voicechat_thinker.py:459] NVC sampled request=duplex-s.b3BlbnJlYWx0aW1lLTRmNzNjYzkzNjkwZDQ5N2JhMTI0YTg0ZjM4ZGZlZjdl.i.0.e.0.r.stage0 previous=43645 token=1046
(StageEngineCoreProc_stage0_replica0 pid=717783) INFO 09-22 17:46:20 [nemotron_voicechat_thinker.py:459] NVC sampled request=duplex-s.b3BlbnJlYWx0aW1lLTRmNzNjYzkzNjkwZDQ5N2JhMTI0YTg0ZjM4ZGZlZjdl.i.0.e.0.r.stage0 previous=1046 token=12
(APIServer pid=716626) INFO 09-22 17:46:22 [data_plane.py:250] NVC boundary request=duplex-s.b3BlbnJlYWx0aW1lLTRmNzNjYzkzNjkwZDQ5N2JhMTI0YTg0ZjM4ZGZlZjdl.i.0.e.0.r.stage0 token=12 eos=2 text_frames=100 audio_frames=99 pending=[] token_batch=1
(StageEngineCoreProc_stage0_replica0 pid=717783) INFO 09-22 17:46:26 [nemotron_voicechat_thinker.py:459] NVC sampled request=duplex-s.b3BlbnJlYWx0aW1lLTRmNzNjYzkzNjkwZDQ5N2JhMTI0YTg0ZjM4ZGZlZjdl.i.0.e.0.r.stage0 previous=12 token=2
(StageEngineCoreProc_stage0_replica0 pid=717783) INFO 09-22 17:46:26 [nemotron_voicechat_thinker.py:459] NVC sampled request=duplex-s.b3BlbnJlYWx0aW1lLTRmNzNjYzkzNjkwZDQ5N2JhMTI0YTg0ZjM4ZGZlZjdl.i.0.e.0.r.stage0 previous=2 token=12
(APIServer pid=716626) INFO 09-22 17:46:26 [data_plane.py:250] NVC boundary request=duplex-s.b3BlbnJlYWx0aW1lLTRmNzNjYzkzNjkwZDQ5N2JhMTI0YTg0ZjM4ZGZlZjdl.i.0.e.0.r.stage0 token=2 eos=2 text_frames=154 audio_frames=153 pending=[] token_batch=1
(StageEngineCoreProc_stage0_replica0 pid=717783) INFO 09-22 17:46:28 [nemotron_voicechat_thinker.py:459] NVC sampled request=duplex-s.b3BlbnJlYWx0aW1lLTRmNzNjYzkzNjkwZDQ5N2JhMTI0YTg0ZjM4ZGZlZjdl.i.0.e.0.r.stage0 previous=12 token=1
(StageEngineCoreProc_stage0_replica0 pid=717783) INFO 09-22 17:46:29 [nemotron_voicechat_thinker.py:459] NVC sampled request=duplex-s.b3BlbnJlYWx0aW1lLTRmNzNjYzkzNjkwZDQ5N2JhMTI0YTg0ZjM4ZGZlZjdl.i.0.e.0.r.stage0 previous=1 token=4568
(StageEngineCoreProc_stage0_replica0 pid=717783) INFO 09-22 17:46:29 [nemotron_voicechat_thinker.py:459] NVC sampled request=duplex-s.b3BlbnJlYWx0aW1lLTRmNzNjYzkzNjkwZDQ5N2JhMTI0YTg0ZjM4ZGZlZjdl.i.0.e.0.r.stage0 previous=4568 token=2715
(StageEngineCoreProc_stage0_replica0 pid=717783) INFO 09-22 17:46:29 [nemotron_voicechat_thinker.py:459] NVC sampled request=duplex-s.b3BlbnJlYWx0aW1lLTRmNzNjYzkzNjkwZDQ5N2JhMTI0YTg0ZjM4ZGZlZjdl.i.0.e.0.r.stage0 previous=2715 token=2016
(StageEngineCoreProc_stage0_replica0 pid=717783) INFO 09-22 17:46:29 [nemotron_voicechat_thinker.py:459] NVC sampled request=duplex-s.b3BlbnJlYWx0aW1lLTRmNzNjYzkzNjkwZDQ5N2JhMTI0YTg0ZjM4ZGZlZjdl.i.0.e.0.r.stage0 previous=2016 token=12324
(StageEngineCoreProc_stage0_replica0 pid=717783) INFO 09-22 17:46:29 [nemotron_voicechat_thinker.py:459] NVC sampled request=duplex-s.b3BlbnJlYWx0aW1lLTRmNzNjYzkzNjkwZDQ5N2JhMTI0YTg0ZjM4ZGZlZjdl.i.0.e.0.r.stage0 previous=12324 token=2479
(StageEngineCoreProc_stage0_replica0 pid=717783) INFO 09-22 17:46:29 [nemotron_voicechat_thinker.py:459] NVC sampled request=duplex-s.b3BlbnJlYWx0aW1lLTRmNzNjYzkzNjkwZDQ5N2JhMTI0YTg0ZjM4ZGZlZjdl.i.0.e.0.r.stage0 previous=2479 token=7654
(StageEngineCoreProc_stage0_replica0 pid=717783) INFO 09-22 17:46:29 [nemotron_voicechat_thinker.py:459] NVC sampled request=duplex-s.b3BlbnJlYWx0aW1lLTRmNzNjYzkzNjkwZDQ5N2JhMTI0YTg0ZjM4ZGZlZjdl.i.0.e.0.r.stage0 previous=7654 token=1420
(StageEngineCoreProc_stage0_replica0 pid=717783) INFO 09-22 17:46:29 [nemotron_voicechat_thinker.py:459] NVC sampled request=duplex-s.b3BlbnJlYWx0aW1lLTRmNzNjYzkzNjkwZDQ5N2JhMTI0YTg0ZjM4ZGZlZjdl.i.0.e.0.r.stage0 previous=1420 token=21405
(StageEngineCoreProc_stage0_replica0 pid=717783) INFO 09-22 17:46:29 [nemotron_voicechat_thinker.py:459] NVC sampled request=duplex-s.b3BlbnJlYWx0aW1lLTRmNzNjYzkzNjkwZDQ5N2JhMTI0YTg0ZjM4ZGZlZjdl.i.0.e.0.r.stage0 previous=21405 token=5815
(StageEngineCoreProc_stage0_replica0 pid=717783) INFO 09-22 17:46:29 [nemotron_voicechat_thinker.py:459] NVC sampled request=duplex-s.b3BlbnJlYWx0aW1lLTRmNzNjYzkzNjkwZDQ5N2JhMTI0YTg0ZjM4ZGZlZjdl.i.0.e.0.r.stage0 previous=5815 token=1044
(StageEngineCoreProc_stage0_replica0 pid=717783) INFO 09-22 17:46:29 [nemotron_voicechat_thinker.py:459] NVC sampled request=duplex-s.b3BlbnJlYWx0aW1lLTRmNzNjYzkzNjkwZDQ5N2JhMTI0YTg0ZjM4ZGZlZjdl.i.0.e.0.r.stage0 previous=1044 token=28638
(StageEngineCoreProc_stage0_replica0 pid=717783) INFO 09-22 17:46:29 [nemotron_voicechat_thinker.py:459] NVC sampled request=duplex-s.b3BlbnJlYWx0aW1lLTRmNzNjYzkzNjkwZDQ5N2JhMTI0YTg0ZjM4ZGZlZjdl.i.0.e.0.r.stage0 previous=28638 token=1394
(APIServer pid=716626) INFO 09-22 17:46:29 [data_plane.py:250] NVC boundary request=duplex-s.b3BlbnJlYWx0aW1lLTRmNzNjYzkzNjkwZDQ5N2JhMTI0YTg0ZjM4ZGZlZjdl.i.0.e.0.r.stage0 token=1394 eos=2 text_frames=200 audio_frames=199 pending=[] token_batch=1
(StageEngineCoreProc_stage0_replica0 pid=717783) INFO 09-22 17:46:29 [nemotron_voicechat_thinker.py:459] NVC sampled request=duplex-s.b3BlbnJlYWx0aW1lLTRmNzNjYzkzNjkwZDQ5N2JhMTI0YTg0ZjM4ZGZlZjdl.i.0.e.0.r.stage0 previous=1394 token=36756
(StageEngineCoreProc_stage0_replica0 pid=717783) INFO 09-22 17:46:30 [nemotron_voicechat_thinker.py:459] NVC sampled request=duplex-s.b3BlbnJlYWx0aW1lLTRmNzNjYzkzNjkwZDQ5N2JhMTI0YTg0ZjM4ZGZlZjdl.i.0.e.0.r.stage0 previous=36756 token=1044
(StageEngineCoreProc_stage0_replica0 pid=717783) INFO 09-22 17:46:30 [nemotron_voicechat_thinker.py:459] NVC sampled request=duplex-s.b3BlbnJlYWx0aW1lLTRmNzNjYzkzNjkwZDQ5N2JhMTI0YTg0ZjM4ZGZlZjdl.i.0.e.0.r.stage0 previous=1044 token=1321
(StageEngineCoreProc_stage0_replica0 pid=717783) INFO 09-22 17:46:30 [nemotron_voicechat_thinker.py:459] NVC sampled request=duplex-s.b3BlbnJlYWx0aW1lLTRmNzNjYzkzNjkwZDQ5N2JhMTI0YTg0ZjM4ZGZlZjdl.i.0.e.0.r.stage0 previous=1321 token=33235
(StageEngineCoreProc_stage0_replica0 pid=717783) INFO 09-22 17:46:30 [nemotron_voicechat_thinker.py:459] NVC sampled request=duplex-s.b3BlbnJlYWx0aW1lLTRmNzNjYzkzNjkwZDQ5N2JhMTI0YTg0ZjM4ZGZlZjdl.i.0.e.0.r.stage0 previous=33235 token=2490
(StageEngineCoreProc_stage0_replica0 pid=717783) INFO 09-22 17:46:30 [nemotron_voicechat_thinker.py:459] NVC sampled request=duplex-s.b3BlbnJlYWx0aW1lLTRmNzNjYzkzNjkwZDQ5N2JhMTI0YTg0ZjM4ZGZlZjdl.i.0.e.0.r.stage0 previous=2490 token=28567
(StageEngineCoreProc_stage0_replica0 pid=717783) INFO 09-22 17:46:30 [nemotron_voicechat_thinker.py:459] NVC sampled request=duplex-s.b3BlbnJlYWx0aW1lLTRmNzNjYzkzNjkwZDQ5N2JhMTI0YTg0ZjM4ZGZlZjdl.i.0.e.0.r.stage0 previous=28567 token=1046
(StageEngineCoreProc_stage0_replica0 pid=717783) INFO 09-22 17:46:30 [nemotron_voicechat_thinker.py:459] NVC sampled request=duplex-s.b3BlbnJlYWx0aW1lLTRmNzNjYzkzNjkwZDQ5N2JhMTI0YTg0ZjM4ZGZlZjdl.i.0.e.0.r.stage0 previous=1046 token=12
(APIServer pid=716626) INFO 09-22 17:46:38 [data_plane.py:250] NVC boundary request=duplex-s.b3BlbnJlYWx0aW1lLTRmNzNjYzkzNjkwZDQ5N2JhMTI0YTg0ZjM4ZGZlZjdl.i.0.e.0.r.stage0 token=12 eos=2 text_frames=300 audio_frames=299 pending=[] token_batch=1
